2026-02-25 14:58:42,871 - INFO - Iniciando extracción para 5 héroes...
2026-02-25 14:58:42,876 - ERROR - ❌ Error extrayendo datos para Batman: Invalid URL 'None/83ad13434923d841643eee57647b34c7/search/Batman': No scheme supplied. Perhaps you meant https://None/83ad13434923d841643eee57647b34c7/search/Batman?
2026-02-25 14:58:42,877 - ERROR - ❌ Error extrayendo datos para Superman: Invalid URL 'None/83ad13434923d841643eee57647b34c7/search/Superman': No scheme supplied. Perhaps you meant https://None/83ad13434923d841643eee57647b34c7/search/Superman?
2026-02-25 14:58:42,878 - ERROR - ❌ Error extrayendo datos para Spider-Man: Invalid URL 'None/83ad13434923d841643eee57647b34c7/search/Spider-Man': No scheme supplied. Perhaps you meant https://None/83ad13434923d841643eee57647b34c7/search/Spider-Man?
2026-02-25 14:58:42,878 - ERROR - ❌ Error extrayendo datos para Iron Man: Invalid URL 'None/83ad13434923d841643eee57647b34c7/search/Iron Man': No scheme supplied. Perhaps you meant https://None/83ad13434923d841643eee57647b34c7/search/Iron Man?
2026-02-25 14:58:42,879 - ERROR - ❌ Error extrayendo datos para Hulk: Invalid URL 'None/83ad13434923d841643eee57647b34c7/search/Hulk': No scheme supplied. Perhaps you meant https://None/83ad13434923d841643eee57647b34c7/search/Hulk?
2026-02-25 14:58:42,883 - INFO - 📁 Datos guardados en data/superheroes_raw.json
2026-02-25 14:58:42,891 - INFO - 📁 Datos guardados en data/superheroes.csv
2026-02-25 15:01:50,113 - INFO - Iniciando extracción para 5 héroes...
2026-02-25 15:01:51,751 - ERROR - ❌ Error en API para Batman: access denied
2026-02-25 15:01:53,036 - ERROR - ❌ Error en API para Superman: access denied
2026-02-25 15:01:54,059 - ERROR - ❌ Error en API para Spider-Man: access denied
2026-02-25 15:01:55,181 - ERROR - ❌ Error en API para Iron Man: access denied
2026-02-25 15:01:58,132 - ERROR - ❌ Error en API para Hulk: access denied
2026-02-25 15:01:58,135 - INFO - 📁 Datos guardados en data/superheroes_raw.json
2026-02-25 15:01:58,139 - INFO - 📁 Datos guardados en data/superheroes.csv
2026-02-25 15:06:03,188 - INFO - Iniciando extracción para 5 héroes...
2026-02-25 15:06:04,450 - INFO - ✅ Datos extraídos para Batman
2026-02-25 15:06:05,651 - INFO - ✅ Datos extraídos para Superman
2026-02-25 15:06:06,922 - INFO - ✅ Datos extraídos para Spider-Man
2026-02-25 15:06:08,208 - INFO - ✅ Datos extraídos para Iron Man
2026-02-25 15:06:09,367 - INFO - ✅ Datos extraídos para Hulk
2026-02-25 15:06:09,373 - INFO - 📁 Datos guardados en data/superheroes_raw.json
2026-02-25 15:06:09,394 - INFO - 📁 Datos guardados en data/superheroes.csv
2026-02-25 15:20:10,642 - INFO - Iniciando extracción para 5 héroes...
2026-02-25 15:20:12,420 - INFO - ✅ Datos extraídos para Batman
2026-02-25 15:20:13,710 - INFO - ✅ Datos extraídos para Superman
2026-02-25 15:20:14,472 - INFO - ✅ Datos extraídos para Spider-Man
2026-02-25 15:20:15,757 - INFO - ✅ Datos extraídos para Iron Man
2026-02-25 15:20:16,718 - INFO - ✅ Datos extraídos para Hulk
2026-02-25 15:20:16,746 - INFO - 📁 Datos guardados en data/superheroes_raw.json
2026-02-25 15:20:16,758 - INFO - 📁 Datos guardados en data/superheroes.csv
2026-02-25 15:52:00,474 - INFO - Iniciando extracción para 5 héroes...
2026-02-25 15:52:01,994 - INFO - ✅ Datos extraídos para Batman
2026-02-25 15:52:03,152 - INFO - ✅ Datos extraídos para Superman
2026-02-25 15:52:03,970 - INFO - ✅ Datos extraídos para Spider-Man
2026-02-25 15:52:05,027 - INFO - ✅ Datos extraídos para Iron Man
2026-02-25 15:52:05,865 - INFO - ✅ Datos extraídos para Hulk
2026-02-25 15:52:05,868 - INFO - 📁 Datos guardados en data/superheroes_raw.json
2026-02-25 15:52:05,891 - INFO - 📁 Datos guardados en data/superheroes.csv
2026-03-04 17:21:05,989 - INFO - 🚀 Iniciando extracción hasta obtener 731 héroes válidos...
2026-03-04 17:21:07,242 - INFO - ✅ Héroe 1 agregado (1/731)
2026-03-04 17:21:08,307 - INFO - ✅ Héroe 2 agregado (2/731)
2026-03-04 17:21:09,269 - INFO - ✅ Héroe 3 agregado (3/731)
2026-03-04 17:21:10,106 - INFO - ✅ Héroe 4 agregado (4/731)
2026-03-04 17:21:11,059 - INFO - ✅ Héroe 5 agregado (5/731)
2026-03-04 17:21:12,006 - INFO - ✅ Héroe 6 agregado (6/731)
2026-03-04 17:21:12,944 - INFO - ✅ Héroe 7 agregado (7/731)
2026-03-04 17:21:13,777 - INFO - ✅ Héroe 8 agregado (8/731)
2026-03-04 17:21:14,597 - INFO - ✅ Héroe 9 agregado (9/731)
2026-03-04 17:21:15,429 - INFO - ✅ Héroe 10 agregado (10/731)
2026-03-04 17:21:16,428 - INFO - ✅ Héroe 11 agregado (11/731)
2026-03-04 17:21:17,244 - INFO - ✅ Héroe 12 agregado (12/731)
2026-03-04 17:21:18,180 - INFO - ✅ Héroe 13 agregado (13/731)
2026-03-04 17:21:18,993 - INFO - ✅ Héroe 14 agregado (14/731)
2026-03-04 17:21:19,836 - INFO - ✅ Héroe 15 agregado (15/731)
2026-03-04 17:21:20,663 - INFO - ✅ Héroe 16 agregado (16/731)
2026-03-04 17:21:21,478 - INFO - ✅ Héroe 17 agregado (17/731)
2026-03-04 17:21:22,334 - INFO - ✅ Héroe 18 agregado (18/731)
2026-03-04 17:21:23,143 - INFO - ✅ Héroe 19 agregado (19/731)
2026-03-04 17:21:23,974 - INFO - ✅ Héroe 20 agregado (20/731)
2026-03-04 17:21:24,796 - INFO - ✅ Héroe 21 agregado (21/731)
2026-03-04 17:21:25,731 - INFO - ✅ Héroe 22 agregado (22/731)
2026-03-04 17:21:26,696 - INFO - ✅ Héroe 23 agregado (23/731)
2026-03-04 17:21:27,508 - INFO - ✅ Héroe 24 agregado (24/731)
2026-03-04 17:21:28,339 - INFO - ✅ Héroe 25 agregado (25/731)
2026-03-04 17:21:29,159 - INFO - ✅ Héroe 26 agregado (26/731)
2026-03-04 17:21:29,976 - INFO - ✅ Héroe 27 agregado (27/731)
2026-03-04 17:21:30,812 - INFO - ✅ Héroe 28 agregado (28/731)
2026-03-04 17:21:31,632 - INFO - ✅ Héroe 29 agregado (29/731)
2026-03-04 17:21:32,469 - INFO - ✅ Héroe 30 agregado (30/731)
2026-03-04 17:21:33,294 - INFO - ✅ Héroe 31 agregado (31/731)
2026-03-04 17:21:33,703 - INFO - ✅ Héroe 32 agregado (32/731)
2026-03-04 17:21:34,528 - INFO - ✅ Héroe 33 agregado (33/731)
2026-03-04 17:21:35,370 - INFO - ✅ Héroe 34 agregado (34/731)
2026-03-04 17:21:36,193 - INFO - ✅ Héroe 35 agregado (35/731)
2026-03-04 17:21:37,007 - INFO - ✅ Héroe 36 agregado (36/731)
2026-03-04 17:21:37,854 - INFO - ✅ Héroe 37 agregado (37/731)
2026-03-04 17:21:38,797 - INFO - ✅ Héroe 38 agregado (38/731)
2026-03-04 17:21:39,635 - INFO - ✅ Héroe 39 agregado (39/731)
2026-03-04 17:21:40,460 - INFO - ✅ Héroe 40 agregado (40/731)
2026-03-04 17:21:41,297 - INFO - ✅ Héroe 41 agregado (41/731)
2026-03-04 17:21:42,343 - INFO - ✅ Héroe 42 agregado (42/731)
2026-03-04 17:21:43,163 - INFO - ✅ Héroe 43 agregado (43/731)
2026-03-04 17:21:43,980 - INFO - ✅ Héroe 44 agregado (44/731)
2026-03-04 17:21:44,806 - INFO - ✅ Héroe 45 agregado (45/731)
2026-03-04 17:21:45,626 - INFO - ✅ Héroe 46 agregado (46/731)
2026-03-04 17:21:46,457 - INFO - ✅ Héroe 47 agregado (47/731)
2026-03-04 17:21:47,431 - INFO - ✅ Héroe 48 agregado (48/731)
2026-03-04 17:21:48,257 - INFO - ✅ Héroe 49 agregado (49/731)
2026-03-04 17:21:49,083 - INFO - ✅ Héroe 50 agregado (50/731)
2026-03-04 17:21:50,937 - INFO - ✅ Héroe 51 agregado (51/731)
2026-03-04 17:21:51,767 - INFO - ✅ Héroe 52 agregado (52/731)
2026-03-04 17:21:52,600 - INFO - ✅ Héroe 53 agregado (53/731)
2026-03-04 17:21:53,443 - INFO - ✅ Héroe 54 agregado (54/731)
2026-03-04 17:21:54,272 - INFO - ✅ Héroe 55 agregado (55/731)
2026-03-04 17:21:55,152 - INFO - ✅ Héroe 56 agregado (56/731)
2026-03-04 17:21:56,016 - INFO - ✅ Héroe 57 agregado (57/731)
2026-03-04 17:21:56,845 - INFO - ✅ Héroe 58 agregado (58/731)
2026-03-04 17:21:57,657 - INFO - ✅ Héroe 59 agregado (59/731)
2026-03-04 17:21:58,510 - INFO - ✅ Héroe 60 agregado (60/731)
2026-03-04 17:21:59,367 - INFO - ✅ Héroe 61 agregado (61/731)
2026-03-04 17:22:00,218 - INFO - ✅ Héroe 62 agregado (62/731)
2026-03-04 17:22:01,088 - INFO - ✅ Héroe 63 agregado (63/731)
2026-03-04 17:22:01,930 - INFO - ✅ Héroe 64 agregado (64/731)
2026-03-04 17:22:02,762 - INFO - ✅ Héroe 65 agregado (65/731)
2026-03-04 17:22:03,590 - INFO - ✅ Héroe 66 agregado (66/731)
2026-03-04 17:22:04,423 - INFO - ✅ Héroe 67 agregado (67/731)
2026-03-04 17:22:05,273 - INFO - ✅ Héroe 68 agregado (68/731)
2026-03-04 17:22:05,833 - INFO - ✅ Héroe 69 agregado (69/731)
2026-03-04 17:22:06,689 - INFO - ✅ Héroe 70 agregado (70/731)
2026-03-04 17:22:07,566 - INFO - ✅ Héroe 71 agregado (71/731)
2026-03-04 17:22:08,408 - INFO - ✅ Héroe 72 agregado (72/731)
2026-03-04 17:22:09,258 - INFO - ✅ Héroe 73 agregado (73/731)
2026-03-04 17:22:10,093 - INFO - ✅ Héroe 74 agregado (74/731)
2026-03-04 17:22:10,922 - INFO - ✅ Héroe 75 agregado (75/731)
2026-03-04 17:22:11,797 - INFO - ✅ Héroe 76 agregado (76/731)
2026-03-04 17:22:12,653 - INFO - ✅ Héroe 77 agregado (77/731)
2026-03-04 17:22:13,505 - INFO - ✅ Héroe 78 agregado (78/731)
2026-03-04 17:22:14,378 - INFO - ✅ Héroe 79 agregado (79/731)
2026-03-04 17:22:15,213 - INFO - ✅ Héroe 80 agregado (80/731)
2026-03-04 17:22:16,047 - INFO - ✅ Héroe 81 agregado (81/731)
2026-03-04 17:22:16,886 - INFO - ✅ Héroe 82 agregado (82/731)
2026-03-04 17:22:17,707 - INFO - ✅ Héroe 83 agregado (83/731)
2026-03-04 17:22:18,538 - INFO - ✅ Héroe 84 agregado (84/731)
2026-03-04 17:22:19,362 - INFO - ✅ Héroe 85 agregado (85/731)
2026-03-04 17:22:20,182 - INFO - ✅ Héroe 86 agregado (86/731)
2026-03-04 17:22:21,015 - INFO - ✅ Héroe 87 agregado (87/731)
2026-03-04 17:22:21,858 - INFO - ✅ Héroe 88 agregado (88/731)
2026-03-04 17:22:22,696 - INFO - ✅ Héroe 89 agregado (89/731)
2026-03-04 17:22:23,514 - INFO - ✅ Héroe 90 agregado (90/731)
2026-03-04 17:22:24,332 - INFO - ✅ Héroe 91 agregado (91/731)
2026-03-04 17:22:25,172 - INFO - ✅ Héroe 92 agregado (92/731)
2026-03-04 17:22:26,051 - INFO - ✅ Héroe 93 agregado (93/731)
2026-03-04 17:22:26,901 - INFO - ✅ Héroe 94 agregado (94/731)
2026-03-04 17:22:27,754 - INFO - ✅ Héroe 95 agregado (95/731)
2026-03-04 17:22:28,603 - INFO - ✅ Héroe 96 agregado (96/731)
2026-03-04 17:22:29,438 - INFO - ✅ Héroe 97 agregado (97/731)
2026-03-04 17:22:30,269 - INFO - ✅ Héroe 98 agregado (98/731)
2026-03-04 17:22:31,099 - INFO - ✅ Héroe 99 agregado (99/731)
2026-03-04 17:22:31,940 - INFO - ✅ Héroe 100 agregado (100/731)
2026-03-04 17:22:33,843 - INFO - ✅ Héroe 101 agregado (101/731)
2026-03-04 17:22:34,708 - INFO - ✅ Héroe 102 agregado (102/731)
2026-03-04 17:22:35,598 - INFO - ✅ Héroe 103 agregado (103/731)
2026-03-04 17:22:36,458 - INFO - ✅ Héroe 104 agregado (104/731)
2026-03-04 17:22:37,312 - INFO - ✅ Héroe 105 agregado (105/731)
2026-03-04 17:22:37,747 - INFO - ✅ Héroe 106 agregado (106/731)
2026-03-04 17:22:38,672 - INFO - ✅ Héroe 107 agregado (107/731)
2026-03-04 17:22:39,531 - INFO - ✅ Héroe 108 agregado (108/731)
2026-03-04 17:22:40,364 - INFO - ✅ Héroe 109 agregado (109/731)
2026-03-04 17:22:41,201 - INFO - ✅ Héroe 110 agregado (110/731)
2026-03-04 17:22:42,037 - INFO - ✅ Héroe 111 agregado (111/731)
2026-03-04 17:22:42,927 - INFO - ✅ Héroe 112 agregado (112/731)
2026-03-04 17:22:43,760 - INFO - ✅ Héroe 113 agregado (113/731)
2026-03-04 17:22:44,581 - INFO - ✅ Héroe 114 agregado (114/731)
2026-03-04 17:22:45,391 - INFO - ✅ Héroe 115 agregado (115/731)
2026-03-04 17:22:46,374 - INFO - ✅ Héroe 116 agregado (116/731)
2026-03-04 17:22:47,257 - INFO - ✅ Héroe 117 agregado (117/731)
2026-03-04 17:22:48,094 - INFO - ✅ Héroe 118 agregado (118/731)
2026-03-04 17:22:48,915 - INFO - ✅ Héroe 119 agregado (119/731)
2026-03-04 17:22:49,734 - INFO - ✅ Héroe 120 agregado (120/731)
2026-03-04 17:22:50,567 - INFO - ✅ Héroe 121 agregado (121/731)
2026-03-04 17:22:51,427 - INFO - ✅ Héroe 122 agregado (122/731)
2026-03-04 17:22:52,261 - INFO - ✅ Héroe 123 agregado (123/731)
2026-03-04 17:22:53,078 - INFO - ✅ Héroe 124 agregado (124/731)
2026-03-04 17:22:53,910 - INFO - ✅ Héroe 125 agregado (125/731)
2026-03-04 17:22:54,732 - INFO - ✅ Héroe 126 agregado (126/731)
2026-03-04 17:22:55,561 - INFO - ✅ Héroe 127 agregado (127/731)
2026-03-04 17:22:56,404 - INFO - ✅ Héroe 128 agregado (128/731)
2026-03-04 17:22:57,229 - INFO - ✅ Héroe 129 agregado (129/731)
2026-03-04 17:22:58,076 - INFO - ✅ Héroe 130 agregado (130/731)
2026-03-04 17:22:58,921 - INFO - ✅ Héroe 131 agregado (131/731)
2026-03-04 17:22:59,794 - INFO - ✅ Héroe 132 agregado (132/731)
2026-03-04 17:23:00,619 - INFO - ✅ Héroe 133 agregado (133/731)
2026-03-04 17:23:01,471 - INFO - ✅ Héroe 134 agregado (134/731)
2026-03-04 17:23:02,374 - INFO - ✅ Héroe 135 agregado (135/731)
2026-03-04 17:23:03,214 - INFO - ✅ Héroe 136 agregado (136/731)
2026-03-04 17:23:04,070 - INFO - ✅ Héroe 137 agregado (137/731)
2026-03-04 17:23:05,118 - INFO - ✅ Héroe 138 agregado (138/731)
2026-03-04 17:23:06,255 - INFO - ✅ Héroe 139 agregado (139/731)
2026-03-04 17:23:07,140 - INFO - ✅ Héroe 140 agregado (140/731)
2026-03-04 17:23:08,018 - INFO - ✅ Héroe 141 agregado (141/731)
2026-03-04 17:23:08,961 - INFO - ✅ Héroe 142 agregado (142/731)
2026-03-04 17:23:09,431 - INFO - ✅ Héroe 143 agregado (143/731)
2026-03-04 17:23:10,306 - INFO - ✅ Héroe 144 agregado (144/731)
2026-03-04 17:23:11,127 - INFO - ✅ Héroe 145 agregado (145/731)
2026-03-04 17:23:11,956 - INFO - ✅ Héroe 146 agregado (146/731)
2026-03-04 17:23:12,826 - INFO - ✅ Héroe 147 agregado (147/731)
2026-03-04 17:23:13,672 - INFO - ✅ Héroe 148 agregado (148/731)
2026-03-04 17:23:14,526 - INFO - ✅ Héroe 149 agregado (149/731)
2026-03-04 17:23:15,402 - INFO - ✅ Héroe 150 agregado (150/731)
2026-03-04 17:23:16,217 - INFO - ✅ Héroe 151 agregado (151/731)
2026-03-04 17:23:17,041 - INFO - ✅ Héroe 152 agregado (152/731)
2026-03-04 17:23:17,914 - INFO - ✅ Héroe 153 agregado (153/731)
2026-03-04 17:23:18,756 - INFO - ✅ Héroe 154 agregado (154/731)
2026-03-04 17:23:19,620 - INFO - ✅ Héroe 155 agregado (155/731)
2026-03-04 17:23:20,459 - INFO - ✅ Héroe 156 agregado (156/731)
2026-03-04 17:23:21,299 - INFO - ✅ Héroe 157 agregado (157/731)
2026-03-04 17:23:22,160 - INFO - ✅ Héroe 158 agregado (158/731)
2026-03-04 17:23:23,083 - INFO - ✅ Héroe 159 agregado (159/731)
2026-03-04 17:23:23,934 - INFO - ✅ Héroe 160 agregado (160/731)
2026-03-04 17:23:24,787 - INFO - ✅ Héroe 161 agregado (161/731)
2026-03-04 17:23:25,641 - INFO - ✅ Héroe 162 agregado (162/731)
2026-03-04 17:23:27,145 - INFO - ✅ Héroe 163 agregado (163/731)
2026-03-04 17:23:28,006 - INFO - ✅ Héroe 164 agregado (164/731)
2026-03-04 17:23:28,979 - INFO - ✅ Héroe 165 agregado (165/731)
2026-03-04 17:23:29,839 - INFO - ✅ Héroe 166 agregado (166/731)
2026-03-04 17:23:30,707 - INFO - ✅ Héroe 167 agregado (167/731)
2026-03-04 17:23:31,571 - INFO - ✅ Héroe 168 agregado (168/731)
2026-03-04 17:23:32,411 - INFO - ✅ Héroe 169 agregado (169/731)
2026-03-04 17:23:33,255 - INFO - ✅ Héroe 170 agregado (170/731)
2026-03-04 17:23:34,093 - INFO - ✅ Héroe 171 agregado (171/731)
2026-03-04 17:23:34,950 - INFO - ✅ Héroe 172 agregado (172/731)
2026-03-04 17:23:35,812 - INFO - ✅ Héroe 173 agregado (173/731)
2026-03-04 17:23:36,670 - INFO - ✅ Héroe 174 agregado (174/731)
2026-03-04 17:23:37,553 - INFO - ✅ Héroe 175 agregado (175/731)
2026-03-04 17:23:38,432 - INFO - ✅ Héroe 176 agregado (176/731)
2026-03-04 17:23:39,348 - INFO - ✅ Héroe 177 agregado (177/731)
2026-03-04 17:23:40,193 - INFO - ✅ Héroe 178 agregado (178/731)
2026-03-04 17:23:41,032 - INFO - ✅ Héroe 179 agregado (179/731)
2026-03-04 17:23:41,461 - INFO - ✅ Héroe 180 agregado (180/731)
2026-03-04 17:23:42,296 - INFO - ✅ Héroe 181 agregado (181/731)
2026-03-04 17:23:43,247 - INFO - ✅ Héroe 182 agregado (182/731)
2026-03-04 17:23:44,097 - INFO - ✅ Héroe 183 agregado (183/731)
2026-03-04 17:23:44,950 - INFO - ✅ Héroe 184 agregado (184/731)
2026-03-04 17:23:45,856 - INFO - ✅ Héroe 185 agregado (185/731)
2026-03-04 17:23:47,589 - INFO - ✅ Héroe 186 agregado (186/731)
2026-03-04 17:23:48,439 - INFO - ✅ Héroe 187 agregado (187/731)
2026-03-04 17:23:49,304 - INFO - ✅ Héroe 188 agregado (188/731)
2026-03-04 17:23:50,143 - INFO - ✅ Héroe 189 agregado (189/731)
2026-03-04 17:23:50,986 - INFO - ✅ Héroe 190 agregado (190/731)
2026-03-04 17:23:51,825 - INFO - ✅ Héroe 191 agregado (191/731)
2026-03-04 17:23:52,685 - INFO - ✅ Héroe 192 agregado (192/731)
2026-03-04 17:23:53,564 - INFO - ✅ Héroe 193 agregado (193/731)
2026-03-04 17:23:54,410 - INFO - ✅ Héroe 194 agregado (194/731)
2026-03-04 17:23:55,266 - INFO - ✅ Héroe 195 agregado (195/731)
2026-03-04 17:23:56,138 - INFO - ✅ Héroe 196 agregado (196/731)
2026-03-04 17:23:56,977 - INFO - ✅ Héroe 197 agregado (197/731)
2026-03-04 17:31:04,591 - INFO - 🚀 Iniciando extracción hasta obtener 731 héroes válidos...
2026-03-04 17:31:05,864 - INFO - ✅ Héroe 1 agregado (1/731)
2026-03-04 17:31:06,934 - INFO - ✅ Héroe 2 agregado (2/731)
2026-03-04 17:31:08,011 - INFO - ✅ Héroe 3 agregado (3/731)
2026-03-04 17:31:09,109 - INFO - ✅ Héroe 4 agregado (4/731)
2026-03-04 17:31:09,928 - INFO - ✅ Héroe 5 agregado (5/731)
2026-03-04 17:31:10,751 - INFO - ✅ Héroe 6 agregado (6/731)
2026-03-04 17:31:11,703 - INFO - ✅ Héroe 7 agregado (7/731)
2026-03-04 17:31:12,610 - INFO - ✅ Héroe 8 agregado (8/731)
2026-03-04 17:31:13,528 - INFO - ✅ Héroe 9 agregado (9/731)
2026-03-04 17:31:14,455 - INFO - ✅ Héroe 10 agregado (10/731)
2026-03-04 17:31:15,261 - INFO - ✅ Héroe 11 agregado (11/731)
2026-03-04 17:31:16,043 - INFO - ✅ Héroe 12 agregado (12/731)
2026-03-04 17:31:16,861 - INFO - ✅ Héroe 13 agregado (13/731)
2026-03-04 17:31:17,682 - INFO - ✅ Héroe 14 agregado (14/731)
2026-03-04 17:31:18,528 - INFO - ✅ Héroe 15 agregado (15/731)
2026-03-04 17:31:19,347 - INFO - ✅ Héroe 16 agregado (16/731)
2026-03-04 17:31:20,155 - INFO - ✅ Héroe 17 agregado (17/731)
2026-03-04 17:31:20,981 - INFO - ✅ Héroe 18 agregado (18/731)
2026-03-04 17:31:21,805 - INFO - ✅ Héroe 19 agregado (19/731)
2026-03-04 17:31:22,614 - INFO - ✅ Héroe 20 agregado (20/731)
2026-03-04 17:31:23,433 - INFO - ✅ Héroe 21 agregado (21/731)
2026-03-04 17:31:24,277 - INFO - ✅ Héroe 22 agregado (22/731)
2026-03-04 17:31:25,118 - INFO - ✅ Héroe 23 agregado (23/731)
2026-03-04 17:31:25,956 - INFO - ✅ Héroe 24 agregado (24/731)
2026-03-04 17:31:26,800 - INFO - ✅ Héroe 25 agregado (25/731)
2026-03-04 17:31:27,791 - INFO - ✅ Héroe 26 agregado (26/731)
2026-03-04 17:31:28,657 - INFO - ✅ Héroe 27 agregado (27/731)
2026-03-04 17:31:29,524 - INFO - ✅ Héroe 28 agregado (28/731)
2026-03-04 17:31:30,356 - INFO - ✅ Héroe 29 agregado (29/731)
2026-03-04 17:31:31,183 - INFO - ✅ Héroe 30 agregado (30/731)
2026-03-04 17:31:32,000 - INFO - ✅ Héroe 31 agregado (31/731)
2026-03-04 17:31:32,845 - INFO - ✅ Héroe 32 agregado (32/731)
2026-03-04 17:31:33,686 - INFO - ✅ Héroe 33 agregado (33/731)
2026-03-04 17:31:34,529 - INFO - ✅ Héroe 34 agregado (34/731)
2026-03-04 17:31:35,578 - INFO - ✅ Héroe 35 agregado (35/731)
2026-03-04 17:31:36,445 - INFO - ✅ Héroe 36 agregado (36/731)
2026-03-04 17:31:37,282 - INFO - ✅ Héroe 37 agregado (37/731)
2026-03-04 17:31:38,107 - INFO - ✅ Héroe 38 agregado (38/731)
2026-03-04 17:31:38,995 - INFO - ✅ Héroe 39 agregado (39/731)
2026-03-04 17:31:39,835 - INFO - ✅ Héroe 40 agregado (40/731)
2026-03-04 17:31:40,769 - INFO - ✅ Héroe 41 agregado (41/731)
2026-03-04 17:31:41,617 - INFO - ✅ Héroe 42 agregado (42/731)
2026-03-04 17:31:42,636 - INFO - ✅ Héroe 43 agregado (43/731)
2026-03-04 17:31:43,438 - INFO - ✅ Héroe 44 agregado (44/731)
2026-03-04 17:31:44,246 - INFO - ✅ Héroe 45 agregado (45/731)
2026-03-04 17:31:45,050 - INFO - ✅ Héroe 46 agregado (46/731)
2026-03-04 17:31:45,935 - INFO - ✅ Héroe 47 agregado (47/731)
2026-03-04 17:31:46,755 - INFO - ✅ Héroe 48 agregado (48/731)
2026-03-04 17:31:47,570 - INFO - ✅ Héroe 49 agregado (49/731)
2026-03-04 17:31:48,412 - INFO - ✅ Héroe 50 agregado (50/731)
2026-03-04 17:31:50,248 - INFO - ✅ Héroe 51 agregado (51/731)
2026-03-04 17:31:51,058 - INFO - ✅ Héroe 52 agregado (52/731)
2026-03-04 17:31:51,875 - INFO - ✅ Héroe 53 agregado (53/731)
2026-03-04 17:31:52,695 - INFO - ✅ Héroe 54 agregado (54/731)
2026-03-04 17:31:53,510 - INFO - ✅ Héroe 55 agregado (55/731)
2026-03-04 17:31:54,361 - INFO - ✅ Héroe 56 agregado (56/731)
2026-03-04 17:31:55,202 - INFO - ✅ Héroe 57 agregado (57/731)
2026-03-04 17:31:56,043 - INFO - ✅ Héroe 58 agregado (58/731)
2026-03-04 17:31:56,844 - INFO - ✅ Héroe 59 agregado (59/731)
2026-03-04 17:31:57,679 - INFO - ✅ Héroe 60 agregado (60/731)
2026-03-04 17:31:58,505 - INFO - ✅ Héroe 61 agregado (61/731)
2026-03-04 17:31:59,350 - INFO - ✅ Héroe 62 agregado (62/731)
2026-03-04 17:32:00,217 - INFO - ✅ Héroe 63 agregado (63/731)
2026-03-04 17:32:01,178 - INFO - ✅ Héroe 64 agregado (64/731)
2026-03-04 17:32:02,068 - INFO - ✅ Héroe 65 agregado (65/731)
2026-03-04 17:32:03,008 - INFO - ✅ Héroe 66 agregado (66/731)
2026-03-04 17:32:03,837 - INFO - ✅ Héroe 67 agregado (67/731)
2026-03-04 17:32:04,689 - INFO - ✅ Héroe 68 agregado (68/731)
2026-03-04 17:32:05,539 - INFO - ✅ Héroe 69 agregado (69/731)
2026-03-04 17:32:06,373 - INFO - ✅ Héroe 70 agregado (70/731)
2026-03-04 17:32:07,264 - INFO - ✅ Héroe 71 agregado (71/731)
2026-03-04 17:32:08,125 - INFO - ✅ Héroe 72 agregado (72/731)
2026-03-04 17:32:08,999 - INFO - ✅ Héroe 73 agregado (73/731)
2026-03-04 17:32:09,852 - INFO - ✅ Héroe 74 agregado (74/731)
2026-03-04 17:32:10,705 - INFO - ✅ Héroe 75 agregado (75/731)
2026-03-04 17:32:11,732 - INFO - ✅ Héroe 76 agregado (76/731)
2026-03-04 17:32:12,591 - INFO - ✅ Héroe 77 agregado (77/731)
2026-03-04 17:32:13,424 - INFO - ✅ Héroe 78 agregado (78/731)
2026-03-04 17:32:14,233 - INFO - ✅ Héroe 79 agregado (79/731)
2026-03-04 17:32:15,077 - INFO - ✅ Héroe 80 agregado (80/731)
2026-03-04 17:32:15,906 - INFO - ✅ Héroe 81 agregado (81/731)
2026-03-04 17:32:16,737 - INFO - ✅ Héroe 82 agregado (82/731)
2026-03-04 17:32:17,586 - INFO - ✅ Héroe 83 agregado (83/731)
2026-03-04 17:32:18,403 - INFO - ✅ Héroe 84 agregado (84/731)
2026-03-04 17:32:19,218 - INFO - ✅ Héroe 85 agregado (85/731)
2026-03-04 17:32:20,058 - INFO - ✅ Héroe 86 agregado (86/731)
2026-03-04 17:32:20,900 - INFO - ✅ Héroe 87 agregado (87/731)
2026-03-04 17:32:21,756 - INFO - ✅ Héroe 88 agregado (88/731)
2026-03-04 17:32:22,574 - INFO - ✅ Héroe 89 agregado (89/731)
2026-03-04 17:32:23,408 - INFO - ✅ Héroe 90 agregado (90/731)
2026-03-04 17:32:24,254 - INFO - ✅ Héroe 91 agregado (91/731)
2026-03-04 17:32:25,090 - INFO - ✅ Héroe 92 agregado (92/731)
2026-03-04 17:32:25,929 - INFO - ✅ Héroe 93 agregado (93/731)
2026-03-04 17:32:26,800 - INFO - ✅ Héroe 94 agregado (94/731)
2026-03-04 17:32:27,636 - INFO - ✅ Héroe 95 agregado (95/731)
2026-03-04 17:32:28,461 - INFO - ✅ Héroe 96 agregado (96/731)
2026-03-04 17:32:29,287 - INFO - ✅ Héroe 97 agregado (97/731)
2026-03-04 17:32:30,130 - INFO - ✅ Héroe 98 agregado (98/731)
2026-03-04 17:32:30,949 - INFO - ✅ Héroe 99 agregado (99/731)
2026-03-04 17:32:31,773 - INFO - ✅ Héroe 100 agregado (100/731)
2026-03-04 17:32:32,627 - INFO - ✅ Héroe 101 agregado (101/731)
2026-03-04 17:32:34,460 - INFO - ✅ Héroe 102 agregado (102/731)
2026-03-04 17:32:35,297 - INFO - ✅ Héroe 103 agregado (103/731)
2026-03-04 17:32:36,135 - INFO - ✅ Héroe 104 agregado (104/731)
2026-03-04 17:32:36,999 - INFO - ✅ Héroe 105 agregado (105/731)
2026-03-04 17:32:37,824 - INFO - ✅ Héroe 106 agregado (106/731)
2026-03-04 17:32:38,656 - INFO - ✅ Héroe 107 agregado (107/731)
2026-03-04 17:32:39,496 - INFO - ✅ Héroe 108 agregado (108/731)
2026-03-04 17:32:40,355 - INFO - ✅ Héroe 109 agregado (109/731)
2026-03-04 17:32:41,182 - INFO - ✅ Héroe 110 agregado (110/731)
2026-03-04 17:32:42,019 - INFO - ✅ Héroe 111 agregado (111/731)
2026-03-04 17:32:42,858 - INFO - ✅ Héroe 112 agregado (112/731)
2026-03-04 17:32:43,713 - INFO - ✅ Héroe 113 agregado (113/731)
2026-03-04 17:32:44,544 - INFO - ✅ Héroe 114 agregado (114/731)
2026-03-04 17:32:45,384 - INFO - ✅ Héroe 115 agregado (115/731)
2026-03-04 17:32:46,207 - INFO - ✅ Héroe 116 agregado (116/731)
2026-03-04 17:32:47,048 - INFO - ✅ Héroe 117 agregado (117/731)
2026-03-04 17:32:47,859 - INFO - ✅ Héroe 118 agregado (118/731)
2026-03-04 17:32:48,651 - INFO - ✅ Héroe 119 agregado (119/731)
2026-03-04 17:32:49,469 - INFO - ✅ Héroe 120 agregado (120/731)
2026-03-04 17:32:50,306 - INFO - ✅ Héroe 121 agregado (121/731)
2026-03-04 17:32:51,135 - INFO - ✅ Héroe 122 agregado (122/731)
2026-03-04 17:32:51,977 - INFO - ✅ Héroe 123 agregado (123/731)
2026-03-04 17:32:52,791 - INFO - ✅ Héroe 124 agregado (124/731)
2026-03-04 17:32:53,609 - INFO - ✅ Héroe 125 agregado (125/731)
2026-03-04 17:32:54,421 - INFO - ✅ Héroe 126 agregado (126/731)
2026-03-04 17:32:55,236 - INFO - ✅ Héroe 127 agregado (127/731)
2026-03-04 17:32:56,050 - INFO - ✅ Héroe 128 agregado (128/731)
2026-03-04 17:32:56,876 - INFO - ✅ Héroe 129 agregado (129/731)
2026-03-04 17:32:57,692 - INFO - ✅ Héroe 130 agregado (130/731)
2026-03-04 17:32:58,521 - INFO - ✅ Héroe 131 agregado (131/731)
2026-03-04 17:32:59,339 - INFO - ✅ Héroe 132 agregado (132/731)
2026-03-04 17:33:00,183 - INFO - ✅ Héroe 133 agregado (133/731)
2026-03-04 17:33:01,070 - INFO - ✅ Héroe 134 agregado (134/731)
2026-03-04 17:33:01,973 - INFO - ✅ Héroe 135 agregado (135/731)
2026-03-04 17:33:02,840 - INFO - ✅ Héroe 136 agregado (136/731)
2026-03-04 17:33:03,684 - INFO - ✅ Héroe 137 agregado (137/731)
2026-03-04 17:33:04,534 - INFO - ✅ Héroe 138 agregado (138/731)
2026-03-04 17:33:05,478 - INFO - ✅ Héroe 139 agregado (139/731)
2026-03-04 17:33:06,440 - INFO - ✅ Héroe 140 agregado (140/731)
2026-03-04 17:33:07,338 - INFO - ✅ Héroe 141 agregado (141/731)
2026-03-04 17:33:08,208 - INFO - ✅ Héroe 142 agregado (142/731)
2026-03-04 17:33:09,084 - INFO - ✅ Héroe 143 agregado (143/731)
2026-03-04 17:33:09,916 - INFO - ✅ Héroe 144 agregado (144/731)
2026-03-04 17:33:10,752 - INFO - ✅ Héroe 145 agregado (145/731)
2026-03-04 17:33:11,576 - INFO - ✅ Héroe 146 agregado (146/731)
2026-03-04 17:33:12,422 - INFO - ✅ Héroe 147 agregado (147/731)
2026-03-04 17:33:13,308 - INFO - ✅ Héroe 148 agregado (148/731)
2026-03-04 17:33:14,186 - INFO - ✅ Héroe 149 agregado (149/731)
2026-03-04 17:33:15,014 - INFO - ✅ Héroe 150 agregado (150/731)
2026-03-04 17:33:15,841 - INFO - ✅ Héroe 151 agregado (151/731)
2026-03-04 17:33:16,729 - INFO - ✅ Héroe 152 agregado (152/731)
2026-03-04 17:33:17,552 - INFO - ✅ Héroe 153 agregado (153/731)
2026-03-04 17:33:18,392 - INFO - ✅ Héroe 154 agregado (154/731)
2026-03-04 17:33:19,208 - INFO - ✅ Héroe 155 agregado (155/731)
2026-03-04 17:33:20,015 - INFO - ✅ Héroe 156 agregado (156/731)
2026-03-04 17:33:20,858 - INFO - ✅ Héroe 157 agregado (157/731)
2026-03-04 17:33:21,672 - INFO - ✅ Héroe 158 agregado (158/731)
2026-03-04 17:33:22,487 - INFO - ✅ Héroe 159 agregado (159/731)
2026-03-04 17:33:23,310 - INFO - ✅ Héroe 160 agregado (160/731)
2026-03-04 17:33:24,122 - INFO - ✅ Héroe 161 agregado (161/731)
2026-03-04 17:33:24,925 - INFO - ✅ Héroe 162 agregado (162/731)
2026-03-04 17:33:25,731 - INFO - ✅ Héroe 163 agregado (163/731)
2026-03-04 17:33:26,589 - INFO - ✅ Héroe 164 agregado (164/731)
2026-03-04 17:33:27,419 - INFO - ✅ Héroe 165 agregado (165/731)
2026-03-04 17:33:28,262 - INFO - ✅ Héroe 166 agregado (166/731)
2026-03-04 17:33:29,105 - INFO - ✅ Héroe 167 agregado (167/731)
2026-03-04 17:33:29,934 - INFO - ✅ Héroe 168 agregado (168/731)
2026-03-04 17:33:30,809 - INFO - ✅ Héroe 169 agregado (169/731)
2026-03-04 17:33:31,635 - INFO - ✅ Héroe 170 agregado (170/731)
2026-03-04 17:33:32,474 - INFO - ✅ Héroe 171 agregado (171/731)
2026-03-04 17:33:33,314 - INFO - ✅ Héroe 172 agregado (172/731)
2026-03-04 17:33:34,172 - INFO - ✅ Héroe 173 agregado (173/731)
2026-03-04 17:33:34,986 - INFO - ✅ Héroe 174 agregado (174/731)
2026-03-04 17:33:35,828 - INFO - ✅ Héroe 175 agregado (175/731)
2026-03-04 17:33:36,684 - INFO - ✅ Héroe 176 agregado (176/731)
2026-03-04 17:33:37,519 - INFO - ✅ Héroe 177 agregado (177/731)
2026-03-04 17:33:38,485 - INFO - ✅ Héroe 178 agregado (178/731)
2026-03-04 17:33:39,294 - INFO - ✅ Héroe 179 agregado (179/731)
2026-03-04 17:33:40,111 - INFO - ✅ Héroe 180 agregado (180/731)
2026-03-04 17:33:40,939 - INFO - ✅ Héroe 181 agregado (181/731)
2026-03-04 17:33:41,764 - INFO - ✅ Héroe 182 agregado (182/731)
2026-03-04 17:33:42,596 - INFO - ✅ Héroe 183 agregado (183/731)
2026-03-04 17:33:43,417 - INFO - ✅ Héroe 184 agregado (184/731)
2026-03-04 17:33:44,242 - INFO - ✅ Héroe 185 agregado (185/731)
2026-03-04 17:33:45,057 - INFO - ✅ Héroe 186 agregado (186/731)
2026-03-04 17:33:45,891 - INFO - ✅ Héroe 187 agregado (187/731)
2026-03-04 17:33:46,764 - INFO - ✅ Héroe 188 agregado (188/731)
2026-03-04 17:33:47,596 - INFO - ✅ Héroe 189 agregado (189/731)
2026-03-04 17:33:48,414 - INFO - ✅ Héroe 190 agregado (190/731)
2026-03-04 17:33:49,241 - INFO - ✅ Héroe 191 agregado (191/731)
2026-03-04 17:33:50,068 - INFO - ✅ Héroe 192 agregado (192/731)
2026-03-04 17:33:50,892 - INFO - ✅ Héroe 193 agregado (193/731)
2026-03-04 17:33:51,713 - INFO - ✅ Héroe 194 agregado (194/731)
2026-03-04 17:33:52,516 - INFO - ✅ Héroe 195 agregado (195/731)
2026-03-04 17:33:53,321 - INFO - ✅ Héroe 196 agregado (196/731)
2026-03-04 17:33:54,167 - INFO - ✅ Héroe 197 agregado (197/731)
2026-03-04 17:33:54,967 - INFO - ✅ Héroe 198 agregado (198/731)
2026-03-04 17:33:55,775 - INFO - ✅ Héroe 199 agregado (199/731)
2026-03-04 17:33:56,585 - INFO - ✅ Héroe 200 agregado (200/731)
2026-03-04 17:33:57,412 - INFO - ✅ Héroe 201 agregado (201/731)
2026-03-04 17:33:58,245 - INFO - ✅ Héroe 202 agregado (202/731)
2026-03-04 17:33:59,061 - INFO - ✅ Héroe 203 agregado (203/731)
2026-03-04 17:33:59,908 - INFO - ✅ Héroe 204 agregado (204/731)
2026-03-04 17:34:00,734 - INFO - ✅ Héroe 205 agregado (205/731)
2026-03-04 17:34:01,667 - INFO - ✅ Héroe 206 agregado (206/731)
2026-03-04 17:34:02,506 - INFO - ✅ Héroe 207 agregado (207/731)
2026-03-04 17:34:03,437 - INFO - ✅ Héroe 208 agregado (208/731)
2026-03-04 17:34:04,269 - INFO - ✅ Héroe 209 agregado (209/731)
2026-03-04 17:34:05,082 - INFO - ✅ Héroe 210 agregado (210/731)
2026-03-04 17:34:05,934 - INFO - ✅ Héroe 211 agregado (211/731)
2026-03-04 17:34:06,743 - INFO - ✅ Héroe 212 agregado (212/731)
2026-03-04 17:34:07,552 - INFO - ✅ Héroe 213 agregado (213/731)
2026-03-04 17:34:08,366 - INFO - ✅ Héroe 214 agregado (214/731)
2026-03-04 17:34:09,213 - INFO - ✅ Héroe 215 agregado (215/731)
2026-03-04 17:34:10,059 - INFO - ✅ Héroe 216 agregado (216/731)
2026-03-04 17:34:10,879 - INFO - ✅ Héroe 217 agregado (217/731)
2026-03-04 17:34:11,725 - INFO - ✅ Héroe 218 agregado (218/731)
2026-03-04 17:34:12,542 - INFO - ✅ Héroe 219 agregado (219/731)
2026-03-04 17:34:13,363 - INFO - ✅ Héroe 220 agregado (220/731)
2026-03-04 17:34:14,168 - INFO - ✅ Héroe 221 agregado (221/731)
2026-03-04 17:34:15,005 - INFO - ✅ Héroe 222 agregado (222/731)
2026-03-04 17:34:15,849 - INFO - ✅ Héroe 223 agregado (223/731)
2026-03-04 17:34:16,740 - INFO - ✅ Héroe 224 agregado (224/731)
2026-03-04 17:34:17,568 - INFO - ✅ Héroe 225 agregado (225/731)
2026-03-04 17:34:18,406 - INFO - ✅ Héroe 226 agregado (226/731)
2026-03-04 17:34:19,225 - INFO - ✅ Héroe 227 agregado (227/731)
2026-03-04 17:34:20,036 - INFO - ✅ Héroe 228 agregado (228/731)
2026-03-04 17:34:20,858 - INFO - ✅ Héroe 229 agregado (229/731)
2026-03-04 17:34:21,672 - INFO - ✅ Héroe 230 agregado (230/731)
2026-03-04 17:34:22,528 - INFO - ✅ Héroe 231 agregado (231/731)
2026-03-04 17:34:23,371 - INFO - ✅ Héroe 232 agregado (232/731)
2026-03-04 17:34:24,193 - INFO - ✅ Héroe 233 agregado (233/731)
2026-03-04 17:34:24,994 - INFO - ✅ Héroe 234 agregado (234/731)
2026-03-04 17:34:25,799 - INFO - ✅ Héroe 235 agregado (235/731)
2026-03-04 17:34:26,607 - INFO - ✅ Héroe 236 agregado (236/731)
2026-03-04 17:34:27,408 - INFO - ✅ Héroe 237 agregado (237/731)
2026-03-04 17:34:28,216 - INFO - ✅ Héroe 238 agregado (238/731)
2026-03-04 17:34:29,026 - INFO - ✅ Héroe 239 agregado (239/731)
2026-03-04 17:34:29,844 - INFO - ✅ Héroe 240 agregado (240/731)
2026-03-04 17:34:30,674 - INFO - ✅ Héroe 241 agregado (241/731)
2026-03-04 17:34:31,496 - INFO - ✅ Héroe 242 agregado (242/731)
2026-03-04 17:34:32,302 - INFO - ✅ Héroe 243 agregado (243/731)
2026-03-04 17:34:33,097 - INFO - ✅ Héroe 244 agregado (244/731)
2026-03-04 17:34:33,895 - INFO - ✅ Héroe 245 agregado (245/731)
2026-03-04 17:34:34,721 - INFO - ✅ Héroe 246 agregado (246/731)
2026-03-04 17:34:35,566 - INFO - ✅ Héroe 247 agregado (247/731)
2026-03-04 17:34:36,407 - INFO - ✅ Héroe 248 agregado (248/731)
2026-03-04 17:34:37,225 - INFO - ✅ Héroe 249 agregado (249/731)
2026-03-04 17:34:38,054 - INFO - ✅ Héroe 250 agregado (250/731)
2026-03-04 17:34:38,864 - INFO - ✅ Héroe 251 agregado (251/731)
2026-03-04 17:34:39,698 - INFO - ✅ Héroe 252 agregado (252/731)
2026-03-04 17:34:40,525 - INFO - ✅ Héroe 253 agregado (253/731)
2026-03-04 17:34:41,386 - INFO - ✅ Héroe 254 agregado (254/731)
2026-03-04 17:34:42,240 - INFO - ✅ Héroe 255 agregado (255/731)
2026-03-04 17:34:43,047 - INFO - ✅ Héroe 256 agregado (256/731)
2026-03-04 17:34:43,868 - INFO - ✅ Héroe 257 agregado (257/731)
2026-03-04 17:34:44,721 - INFO - ✅ Héroe 258 agregado (258/731)
2026-03-04 17:34:45,581 - INFO - ✅ Héroe 259 agregado (259/731)
2026-03-04 17:34:46,420 - INFO - ✅ Héroe 260 agregado (260/731)
2026-03-04 17:34:47,273 - INFO - ✅ Héroe 261 agregado (261/731)
2026-03-04 17:34:48,092 - INFO - ✅ Héroe 262 agregado (262/731)
2026-03-04 17:34:48,897 - INFO - ✅ Héroe 263 agregado (263/731)
2026-03-04 17:34:49,711 - INFO - ✅ Héroe 264 agregado (264/731)
2026-03-04 17:34:50,528 - INFO - ✅ Héroe 265 agregado (265/731)
2026-03-04 17:34:51,347 - INFO - ✅ Héroe 266 agregado (266/731)
2026-03-04 17:34:52,163 - INFO - ✅ Héroe 267 agregado (267/731)
2026-03-04 17:34:52,970 - INFO - ✅ Héroe 268 agregado (268/731)
2026-03-04 17:34:53,804 - INFO - ✅ Héroe 269 agregado (269/731)
2026-03-04 17:34:54,627 - INFO - ✅ Héroe 270 agregado (270/731)
2026-03-04 17:34:55,437 - INFO - ✅ Héroe 271 agregado (271/731)
2026-03-04 17:34:56,252 - INFO - ✅ Héroe 272 agregado (272/731)
2026-03-04 17:34:57,051 - INFO - ✅ Héroe 273 agregado (273/731)
2026-03-04 17:34:57,866 - INFO - ✅ Héroe 274 agregado (274/731)
2026-03-04 17:34:58,675 - INFO - ✅ Héroe 275 agregado (275/731)
2026-03-04 17:34:59,478 - INFO - ✅ Héroe 276 agregado (276/731)
2026-03-04 17:35:00,297 - INFO - ✅ Héroe 277 agregado (277/731)
2026-03-04 17:35:01,125 - INFO - ✅ Héroe 278 agregado (278/731)
2026-03-04 17:35:02,007 - INFO - ✅ Héroe 279 agregado (279/731)
2026-03-04 17:35:02,822 - INFO - ✅ Héroe 280 agregado (280/731)
2026-03-04 17:35:03,655 - INFO - ✅ Héroe 281 agregado (281/731)
2026-03-04 17:35:04,473 - INFO - ✅ Héroe 282 agregado (282/731)
2026-03-04 17:35:05,305 - INFO - ✅ Héroe 283 agregado (283/731)
2026-03-04 17:35:06,122 - INFO - ✅ Héroe 284 agregado (284/731)
2026-03-04 17:35:06,934 - INFO - ✅ Héroe 285 agregado (285/731)
2026-03-04 17:35:07,741 - INFO - ✅ Héroe 286 agregado (286/731)
2026-03-04 17:35:08,561 - INFO - ✅ Héroe 287 agregado (287/731)
2026-03-04 17:35:09,367 - INFO - ✅ Héroe 288 agregado (288/731)
2026-03-04 17:35:10,184 - INFO - ✅ Héroe 289 agregado (289/731)
2026-03-04 17:35:11,009 - INFO - ✅ Héroe 290 agregado (290/731)
2026-03-04 17:35:11,829 - INFO - ✅ Héroe 291 agregado (291/731)
2026-03-04 17:35:12,644 - INFO - ✅ Héroe 292 agregado (292/731)
2026-03-04 17:35:13,459 - INFO - ✅ Héroe 293 agregado (293/731)
2026-03-04 17:35:14,283 - INFO - ✅ Héroe 294 agregado (294/731)
2026-03-04 17:35:15,134 - INFO - ✅ Héroe 295 agregado (295/731)
2026-03-04 17:35:15,938 - INFO - ✅ Héroe 296 agregado (296/731)
2026-03-04 17:35:16,793 - INFO - ✅ Héroe 297 agregado (297/731)
2026-03-04 17:35:17,648 - INFO - ✅ Héroe 298 agregado (298/731)
2026-03-04 17:35:18,455 - INFO - ✅ Héroe 299 agregado (299/731)
2026-03-04 17:35:19,261 - INFO - ✅ Héroe 300 agregado (300/731)
2026-03-04 17:35:20,073 - INFO - ✅ Héroe 301 agregado (301/731)
2026-03-04 17:35:20,888 - INFO - ✅ Héroe 302 agregado (302/731)
2026-03-04 17:35:21,704 - INFO - ✅ Héroe 303 agregado (303/731)
2026-03-04 17:35:22,519 - INFO - ✅ Héroe 304 agregado (304/731)
2026-03-04 17:35:23,324 - INFO - ✅ Héroe 305 agregado (305/731)
2026-03-04 17:35:24,154 - INFO - ✅ Héroe 306 agregado (306/731)
2026-03-04 17:35:24,949 - INFO - ✅ Héroe 307 agregado (307/731)
2026-03-04 17:35:25,756 - INFO - ✅ Héroe 308 agregado (308/731)
2026-03-04 17:35:26,564 - INFO - ✅ Héroe 309 agregado (309/731)
2026-03-04 17:35:27,382 - INFO - ✅ Héroe 310 agregado (310/731)
2026-03-04 17:35:28,216 - INFO - ✅ Héroe 311 agregado (311/731)
2026-03-04 17:35:29,031 - INFO - ✅ Héroe 312 agregado (312/731)
2026-03-04 17:35:29,830 - INFO - ✅ Héroe 313 agregado (313/731)
2026-03-04 17:35:30,646 - INFO - ✅ Héroe 314 agregado (314/731)
2026-03-04 17:35:31,444 - INFO - ✅ Héroe 315 agregado (315/731)
2026-03-04 17:35:32,255 - INFO - ✅ Héroe 316 agregado (316/731)
2026-03-04 17:35:33,053 - INFO - ✅ Héroe 317 agregado (317/731)
2026-03-04 17:35:33,855 - INFO - ✅ Héroe 318 agregado (318/731)
2026-03-04 17:35:34,684 - INFO - ✅ Héroe 319 agregado (319/731)
2026-03-04 17:35:35,483 - INFO - ✅ Héroe 320 agregado (320/731)
2026-03-04 17:35:36,309 - INFO - ✅ Héroe 321 agregado (321/731)
2026-03-04 17:35:37,121 - INFO - ✅ Héroe 322 agregado (322/731)
2026-03-04 17:35:37,936 - INFO - ✅ Héroe 323 agregado (323/731)
2026-03-04 17:35:38,744 - INFO - ✅ Héroe 324 agregado (324/731)
2026-03-04 17:35:39,561 - INFO - ✅ Héroe 325 agregado (325/731)
2026-03-04 17:35:40,397 - INFO - ✅ Héroe 326 agregado (326/731)
2026-03-04 17:35:41,224 - INFO - ✅ Héroe 327 agregado (327/731)
2026-03-04 17:35:42,027 - INFO - ✅ Héroe 328 agregado (328/731)
2026-03-04 17:35:42,855 - INFO - ✅ Héroe 329 agregado (329/731)
2026-03-04 17:35:43,690 - INFO - ✅ Héroe 330 agregado (330/731)
2026-03-04 17:35:44,492 - INFO - ✅ Héroe 331 agregado (331/731)
2026-03-04 17:35:45,338 - INFO - ✅ Héroe 332 agregado (332/731)
2026-03-04 17:35:46,181 - INFO - ✅ Héroe 333 agregado (333/731)
2026-03-04 17:35:46,995 - INFO - ✅ Héroe 334 agregado (334/731)
2026-03-04 17:35:47,818 - INFO - ✅ Héroe 335 agregado (335/731)
2026-03-04 17:35:48,634 - INFO - ✅ Héroe 336 agregado (336/731)
2026-03-04 17:35:49,477 - INFO - ✅ Héroe 337 agregado (337/731)
2026-03-04 17:35:50,301 - INFO - ✅ Héroe 338 agregado (338/731)
2026-03-04 17:35:51,221 - INFO - ✅ Héroe 339 agregado (339/731)
2026-03-04 17:35:52,101 - INFO - ✅ Héroe 340 agregado (340/731)
2026-03-04 17:35:52,939 - INFO - ✅ Héroe 341 agregado (341/731)
2026-03-04 17:35:53,769 - INFO - ✅ Héroe 342 agregado (342/731)
2026-03-04 17:35:54,593 - INFO - ✅ Héroe 343 agregado (343/731)
2026-03-04 17:35:55,436 - INFO - ✅ Héroe 344 agregado (344/731)
2026-03-04 17:35:56,262 - INFO - ✅ Héroe 345 agregado (345/731)
2026-03-04 17:35:57,116 - INFO - ✅ Héroe 346 agregado (346/731)
2026-03-04 17:35:58,037 - INFO - ✅ Héroe 347 agregado (347/731)
2026-03-04 17:35:58,877 - INFO - ✅ Héroe 348 agregado (348/731)
2026-03-04 17:35:59,751 - INFO - ✅ Héroe 349 agregado (349/731)
2026-03-04 17:36:00,592 - INFO - ✅ Héroe 350 agregado (350/731)
2026-03-04 17:36:01,411 - INFO - ✅ Héroe 351 agregado (351/731)
2026-03-04 17:36:02,215 - INFO - ✅ Héroe 352 agregado (352/731)
2026-03-04 17:36:03,016 - INFO - ✅ Héroe 353 agregado (353/731)
2026-03-04 17:36:03,830 - INFO - ✅ Héroe 354 agregado (354/731)
2026-03-04 17:36:04,673 - INFO - ✅ Héroe 355 agregado (355/731)
2026-03-04 17:36:05,758 - INFO - ✅ Héroe 356 agregado (356/731)
2026-03-04 17:36:06,552 - INFO - ✅ Héroe 357 agregado (357/731)
2026-03-04 17:36:07,347 - INFO - ✅ Héroe 358 agregado (358/731)
2026-03-04 17:36:08,193 - INFO - ✅ Héroe 359 agregado (359/731)
2026-03-04 17:36:09,030 - INFO - ✅ Héroe 360 agregado (360/731)
2026-03-04 17:36:09,848 - INFO - ✅ Héroe 361 agregado (361/731)
2026-03-04 17:36:10,670 - INFO - ✅ Héroe 362 agregado (362/731)
2026-03-04 17:36:11,514 - INFO - ✅ Héroe 363 agregado (363/731)
2026-03-04 17:36:12,362 - INFO - ✅ Héroe 364 agregado (364/731)
2026-03-04 17:36:13,206 - INFO - ✅ Héroe 365 agregado (365/731)
2026-03-04 17:36:14,042 - INFO - ✅ Héroe 366 agregado (366/731)
2026-03-04 17:36:14,882 - INFO - ✅ Héroe 367 agregado (367/731)
2026-03-04 17:36:15,736 - INFO - ✅ Héroe 368 agregado (368/731)
2026-03-04 17:36:16,680 - INFO - ✅ Héroe 369 agregado (369/731)
2026-03-04 17:36:17,507 - INFO - ✅ Héroe 370 agregado (370/731)
2026-03-04 17:36:18,357 - INFO - ✅ Héroe 371 agregado (371/731)
2026-03-04 17:36:19,187 - INFO - ✅ Héroe 372 agregado (372/731)
2026-03-04 17:36:20,016 - INFO - ✅ Héroe 373 agregado (373/731)
2026-03-04 17:36:20,862 - INFO - ✅ Héroe 374 agregado (374/731)
2026-03-04 17:36:21,689 - INFO - ✅ Héroe 375 agregado (375/731)
2026-03-04 17:36:22,525 - INFO - ✅ Héroe 376 agregado (376/731)
2026-03-04 17:36:23,363 - INFO - ✅ Héroe 377 agregado (377/731)
2026-03-04 17:36:24,201 - INFO - ✅ Héroe 378 agregado (378/731)
2026-03-04 17:36:25,052 - INFO - ✅ Héroe 379 agregado (379/731)
2026-03-04 17:36:25,928 - INFO - ✅ Héroe 380 agregado (380/731)
2026-03-04 17:36:26,760 - INFO - ✅ Héroe 381 agregado (381/731)
2026-03-04 17:36:27,621 - INFO - ✅ Héroe 382 agregado (382/731)
2026-03-04 17:36:28,450 - INFO - ✅ Héroe 383 agregado (383/731)
2026-03-04 17:36:29,279 - INFO - ✅ Héroe 384 agregado (384/731)
2026-03-04 17:36:30,116 - INFO - ✅ Héroe 385 agregado (385/731)
2026-03-04 17:36:30,940 - INFO - ✅ Héroe 386 agregado (386/731)
2026-03-04 17:36:31,775 - INFO - ✅ Héroe 387 agregado (387/731)
2026-03-04 17:36:32,853 - INFO - ✅ Héroe 388 agregado (388/731)
2026-03-04 17:36:33,757 - INFO - ✅ Héroe 389 agregado (389/731)
2026-03-04 17:36:34,591 - INFO - ✅ Héroe 390 agregado (390/731)
2026-03-04 17:36:35,412 - INFO - ✅ Héroe 391 agregado (391/731)
2026-03-04 17:36:36,196 - INFO - ✅ Héroe 392 agregado (392/731)
2026-03-04 17:36:37,000 - INFO - ✅ Héroe 393 agregado (393/731)
2026-03-04 17:36:37,853 - INFO - ✅ Héroe 394 agregado (394/731)
2026-03-04 17:36:38,657 - INFO - ✅ Héroe 395 agregado (395/731)
2026-03-04 17:36:39,485 - INFO - ✅ Héroe 396 agregado (396/731)
2026-03-04 17:36:40,314 - INFO - ✅ Héroe 397 agregado (397/731)
2026-03-04 17:36:41,140 - INFO - ✅ Héroe 398 agregado (398/731)
2026-03-04 17:36:41,963 - INFO - ✅ Héroe 399 agregado (399/731)
2026-03-04 17:36:42,780 - INFO - ✅ Héroe 400 agregado (400/731)
2026-03-04 17:36:43,609 - INFO - ✅ Héroe 401 agregado (401/731)
2026-03-04 17:36:44,435 - INFO - ✅ Héroe 402 agregado (402/731)
2026-03-04 17:36:45,275 - INFO - ✅ Héroe 403 agregado (403/731)
2026-03-04 17:36:46,099 - INFO - ✅ Héroe 404 agregado (404/731)
2026-03-04 17:36:46,942 - INFO - ✅ Héroe 405 agregado (405/731)
2026-03-04 17:36:47,767 - INFO - ✅ Héroe 406 agregado (406/731)
2026-03-04 17:36:48,596 - INFO - ✅ Héroe 407 agregado (407/731)
2026-03-04 17:36:49,426 - INFO - ✅ Héroe 408 agregado (408/731)
2026-03-04 17:36:50,311 - INFO - ✅ Héroe 409 agregado (409/731)
2026-03-04 17:36:51,161 - INFO - ✅ Héroe 410 agregado (410/731)
2026-03-04 17:36:52,020 - INFO - ✅ Héroe 411 agregado (411/731)
2026-03-04 17:36:52,858 - INFO - ✅ Héroe 412 agregado (412/731)
2026-03-04 17:36:53,691 - INFO - ✅ Héroe 413 agregado (413/731)
2026-03-04 17:36:54,524 - INFO - ✅ Héroe 414 agregado (414/731)
2026-03-04 17:36:55,352 - INFO - ✅ Héroe 415 agregado (415/731)
2026-03-04 17:36:56,188 - INFO - ✅ Héroe 416 agregado (416/731)
2026-03-04 17:36:57,031 - INFO - ✅ Héroe 417 agregado (417/731)
2026-03-04 17:36:57,904 - INFO - ✅ Héroe 418 agregado (418/731)
2026-03-04 17:36:58,758 - INFO - ✅ Héroe 419 agregado (419/731)
2026-03-04 17:36:59,584 - INFO - ✅ Héroe 420 agregado (420/731)
2026-03-04 17:37:00,423 - INFO - ✅ Héroe 421 agregado (421/731)
2026-03-04 17:37:01,239 - INFO - ✅ Héroe 422 agregado (422/731)
2026-03-04 17:37:02,082 - INFO - ✅ Héroe 423 agregado (423/731)
2026-03-04 17:37:02,897 - INFO - ✅ Héroe 424 agregado (424/731)
2026-03-04 17:37:03,732 - INFO - ✅ Héroe 425 agregado (425/731)
2026-03-04 17:37:04,552 - INFO - ✅ Héroe 426 agregado (426/731)
2026-03-04 17:37:05,363 - INFO - ✅ Héroe 427 agregado (427/731)
2026-03-04 17:37:06,177 - INFO - ✅ Héroe 428 agregado (428/731)
2026-03-04 17:37:06,985 - INFO - ✅ Héroe 429 agregado (429/731)
2026-03-04 17:37:07,794 - INFO - ✅ Héroe 430 agregado (430/731)
2026-03-04 17:37:08,616 - INFO - ✅ Héroe 431 agregado (431/731)
2026-03-04 17:37:09,458 - INFO - ✅ Héroe 432 agregado (432/731)
2026-03-04 17:37:10,271 - INFO - ✅ Héroe 433 agregado (433/731)
2026-03-04 17:37:11,075 - INFO - ✅ Héroe 434 agregado (434/731)
2026-03-04 17:37:11,906 - INFO - ✅ Héroe 435 agregado (435/731)
2026-03-04 17:37:12,759 - INFO - ✅ Héroe 436 agregado (436/731)
2026-03-04 17:37:13,577 - INFO - ✅ Héroe 437 agregado (437/731)
2026-03-04 17:37:14,410 - INFO - ✅ Héroe 438 agregado (438/731)
2026-03-04 17:37:15,248 - INFO - ✅ Héroe 439 agregado (439/731)
2026-03-04 17:37:16,062 - INFO - ✅ Héroe 440 agregado (440/731)
2026-03-04 17:37:16,903 - INFO - ✅ Héroe 441 agregado (441/731)
2026-03-04 17:37:17,734 - INFO - ✅ Héroe 442 agregado (442/731)
2026-03-04 17:37:18,557 - INFO - ✅ Héroe 443 agregado (443/731)
2026-03-04 17:37:19,381 - INFO - ✅ Héroe 444 agregado (444/731)
2026-03-04 17:37:20,224 - INFO - ✅ Héroe 445 agregado (445/731)
2026-03-04 17:37:21,077 - INFO - ✅ Héroe 446 agregado (446/731)
2026-03-04 17:37:21,891 - INFO - ✅ Héroe 447 agregado (447/731)
2026-03-04 17:37:22,710 - INFO - ✅ Héroe 448 agregado (448/731)
2026-03-04 17:37:23,532 - INFO - ✅ Héroe 449 agregado (449/731)
2026-03-04 17:37:24,374 - INFO - ✅ Héroe 450 agregado (450/731)
2026-03-04 17:37:25,196 - INFO - ✅ Héroe 451 agregado (451/731)
2026-03-04 17:37:26,019 - INFO - ✅ Héroe 452 agregado (452/731)
2026-03-04 17:37:26,836 - INFO - ✅ Héroe 453 agregado (453/731)
2026-03-04 17:37:27,667 - INFO - ✅ Héroe 454 agregado (454/731)
2026-03-04 17:37:28,513 - INFO - ✅ Héroe 455 agregado (455/731)
2026-03-04 17:37:29,352 - INFO - ✅ Héroe 456 agregado (456/731)
2026-03-04 17:37:30,206 - INFO - ✅ Héroe 457 agregado (457/731)
2026-03-04 17:37:31,044 - INFO - ✅ Héroe 458 agregado (458/731)
2026-03-04 17:37:31,870 - INFO - ✅ Héroe 459 agregado (459/731)
2026-03-04 17:37:32,699 - INFO - ✅ Héroe 460 agregado (460/731)
2026-03-04 17:37:33,548 - INFO - ✅ Héroe 461 agregado (461/731)
2026-03-04 17:37:34,372 - INFO - ✅ Héroe 462 agregado (462/731)
2026-03-04 17:37:35,172 - INFO - ✅ Héroe 463 agregado (463/731)
2026-03-04 17:37:35,987 - INFO - ✅ Héroe 464 agregado (464/731)
2026-03-04 17:37:36,815 - INFO - ✅ Héroe 465 agregado (465/731)
2026-03-04 17:37:37,691 - INFO - ✅ Héroe 466 agregado (466/731)
2026-03-04 17:37:38,496 - INFO - ✅ Héroe 467 agregado (467/731)
2026-03-04 17:37:39,335 - INFO - ✅ Héroe 468 agregado (468/731)
2026-03-04 17:37:40,136 - INFO - ✅ Héroe 469 agregado (469/731)
2026-03-04 17:37:40,948 - INFO - ✅ Héroe 470 agregado (470/731)
2026-03-04 17:37:41,759 - INFO - ✅ Héroe 471 agregado (471/731)
2026-03-04 17:37:42,561 - INFO - ✅ Héroe 472 agregado (472/731)
2026-03-04 17:37:43,378 - INFO - ✅ Héroe 473 agregado (473/731)
2026-03-04 17:37:44,186 - INFO - ✅ Héroe 474 agregado (474/731)
2026-03-04 17:37:45,011 - INFO - ✅ Héroe 475 agregado (475/731)
2026-03-04 17:37:45,820 - INFO - ✅ Héroe 476 agregado (476/731)
2026-03-04 17:37:46,683 - INFO - ✅ Héroe 477 agregado (477/731)
2026-03-04 17:37:47,489 - INFO - ✅ Héroe 478 agregado (478/731)
2026-03-04 17:37:48,299 - INFO - ✅ Héroe 479 agregado (479/731)
2026-03-04 17:37:49,121 - INFO - ✅ Héroe 480 agregado (480/731)
2026-03-04 17:37:49,926 - INFO - ✅ Héroe 481 agregado (481/731)
2026-03-04 17:37:50,746 - INFO - ✅ Héroe 482 agregado (482/731)
2026-03-04 17:37:51,560 - INFO - ✅ Héroe 483 agregado (483/731)
2026-03-04 17:37:52,390 - INFO - ✅ Héroe 484 agregado (484/731)
2026-03-04 17:37:53,245 - INFO - ✅ Héroe 485 agregado (485/731)
2026-03-04 17:37:54,073 - INFO - ✅ Héroe 486 agregado (486/731)
2026-03-04 17:37:54,876 - INFO - ✅ Héroe 487 agregado (487/731)
2026-03-04 17:37:55,684 - INFO - ✅ Héroe 488 agregado (488/731)
2026-03-04 17:37:56,536 - INFO - ✅ Héroe 489 agregado (489/731)
2026-03-04 17:37:57,341 - INFO - ✅ Héroe 490 agregado (490/731)
2026-03-04 17:37:58,168 - INFO - ✅ Héroe 491 agregado (491/731)
2026-03-04 17:37:58,994 - INFO - ✅ Héroe 492 agregado (492/731)
2026-03-04 17:37:59,826 - INFO - ✅ Héroe 493 agregado (493/731)
2026-03-04 17:38:00,655 - INFO - ✅ Héroe 494 agregado (494/731)
2026-03-04 17:38:01,516 - INFO - ✅ Héroe 495 agregado (495/731)
2026-03-04 17:38:02,334 - INFO - ✅ Héroe 496 agregado (496/731)
2026-03-04 17:38:03,157 - INFO - ✅ Héroe 497 agregado (497/731)
2026-03-04 17:38:03,984 - INFO - ✅ Héroe 498 agregado (498/731)
2026-03-04 17:38:04,824 - INFO - ✅ Héroe 499 agregado (499/731)
2026-03-04 17:38:05,648 - INFO - ✅ Héroe 500 agregado (500/731)
2026-03-04 17:38:06,506 - INFO - ✅ Héroe 501 agregado (501/731)
2026-03-04 17:38:07,325 - INFO - ✅ Héroe 502 agregado (502/731)
2026-03-04 17:38:08,148 - INFO - ✅ Héroe 503 agregado (503/731)
2026-03-04 17:38:08,983 - INFO - ✅ Héroe 504 agregado (504/731)
2026-03-04 17:38:09,799 - INFO - ✅ Héroe 505 agregado (505/731)
2026-03-04 17:38:10,618 - INFO - ✅ Héroe 506 agregado (506/731)
2026-03-04 17:38:11,409 - INFO - ✅ Héroe 507 agregado (507/731)
2026-03-04 17:38:12,213 - INFO - ✅ Héroe 508 agregado (508/731)
2026-03-04 17:38:13,044 - INFO - ✅ Héroe 509 agregado (509/731)
2026-03-04 17:38:13,860 - INFO - ✅ Héroe 510 agregado (510/731)
2026-03-04 17:38:14,677 - INFO - ✅ Héroe 511 agregado (511/731)
2026-03-04 17:38:15,500 - INFO - ✅ Héroe 512 agregado (512/731)
2026-03-04 17:38:16,315 - INFO - ✅ Héroe 513 agregado (513/731)
2026-03-04 17:38:17,138 - INFO - ✅ Héroe 514 agregado (514/731)
2026-03-04 17:38:17,966 - INFO - ✅ Héroe 515 agregado (515/731)
2026-03-04 17:38:18,802 - INFO - ✅ Héroe 516 agregado (516/731)
2026-03-04 17:38:19,612 - INFO - ✅ Héroe 517 agregado (517/731)
2026-03-04 17:38:20,437 - INFO - ✅ Héroe 518 agregado (518/731)
2026-03-04 17:38:21,253 - INFO - ✅ Héroe 519 agregado (519/731)
2026-03-04 17:38:22,095 - INFO - ✅ Héroe 520 agregado (520/731)
2026-03-04 17:38:22,926 - INFO - ✅ Héroe 521 agregado (521/731)
2026-03-04 17:38:23,740 - INFO - ✅ Héroe 522 agregado (522/731)
2026-03-04 17:38:24,566 - INFO - ✅ Héroe 523 agregado (523/731)
2026-03-04 17:38:25,381 - INFO - ✅ Héroe 524 agregado (524/731)
2026-03-04 17:38:26,206 - INFO - ✅ Héroe 525 agregado (525/731)
2026-03-04 17:38:27,052 - INFO - ✅ Héroe 526 agregado (526/731)
2026-03-04 17:38:27,857 - INFO - ✅ Héroe 527 agregado (527/731)
2026-03-04 17:38:28,676 - INFO - ✅ Héroe 528 agregado (528/731)
2026-03-04 17:38:29,510 - INFO - ✅ Héroe 529 agregado (529/731)
2026-03-04 17:38:30,344 - INFO - ✅ Héroe 530 agregado (530/731)
2026-03-04 17:38:31,175 - INFO - ✅ Héroe 531 agregado (531/731)
2026-03-04 17:38:32,003 - INFO - ✅ Héroe 532 agregado (532/731)
2026-03-04 17:38:32,836 - INFO - ✅ Héroe 533 agregado (533/731)
2026-03-04 17:38:33,671 - INFO - ✅ Héroe 534 agregado (534/731)
2026-03-04 17:38:34,473 - INFO - ✅ Héroe 535 agregado (535/731)
2026-03-04 17:38:35,284 - INFO - ✅ Héroe 536 agregado (536/731)
2026-03-04 17:38:36,087 - INFO - ✅ Héroe 537 agregado (537/731)
2026-03-04 17:38:36,913 - INFO - ✅ Héroe 538 agregado (538/731)
2026-03-04 17:38:37,726 - INFO - ✅ Héroe 539 agregado (539/731)
2026-03-04 17:38:38,546 - INFO - ✅ Héroe 540 agregado (540/731)
2026-03-04 17:38:39,363 - INFO - ✅ Héroe 541 agregado (541/731)
2026-03-04 17:38:40,174 - INFO - ✅ Héroe 542 agregado (542/731)
2026-03-04 17:38:41,019 - INFO - ✅ Héroe 543 agregado (543/731)
2026-03-04 17:38:41,845 - INFO - ✅ Héroe 544 agregado (544/731)
2026-03-04 17:38:42,649 - INFO - ✅ Héroe 545 agregado (545/731)
2026-03-04 17:38:43,435 - INFO - ✅ Héroe 546 agregado (546/731)
2026-03-04 17:38:44,239 - INFO - ✅ Héroe 547 agregado (547/731)
2026-03-04 17:38:45,056 - INFO - ✅ Héroe 548 agregado (548/731)
2026-03-04 17:38:45,858 - INFO - ✅ Héroe 549 agregado (549/731)
2026-03-04 17:38:46,674 - INFO - ✅ Héroe 550 agregado (550/731)
2026-03-04 17:38:47,483 - INFO - ✅ Héroe 551 agregado (551/731)
2026-03-04 17:38:48,304 - INFO - ✅ Héroe 552 agregado (552/731)
2026-03-04 17:38:49,117 - INFO - ✅ Héroe 553 agregado (553/731)
2026-03-04 17:38:49,922 - INFO - ✅ Héroe 554 agregado (554/731)
2026-03-04 17:38:50,754 - INFO - ✅ Héroe 555 agregado (555/731)
2026-03-04 17:38:51,576 - INFO - ✅ Héroe 556 agregado (556/731)
2026-03-04 17:38:52,400 - INFO - ✅ Héroe 557 agregado (557/731)
2026-03-04 17:38:53,268 - INFO - ✅ Héroe 558 agregado (558/731)
2026-03-04 17:38:54,078 - INFO - ✅ Héroe 559 agregado (559/731)
2026-03-04 17:38:54,890 - INFO - ✅ Héroe 560 agregado (560/731)
2026-03-04 17:38:55,702 - INFO - ✅ Héroe 561 agregado (561/731)
2026-03-04 17:38:56,518 - INFO - ✅ Héroe 562 agregado (562/731)
2026-03-04 17:38:57,331 - INFO - ✅ Héroe 563 agregado (563/731)
2026-03-04 17:38:58,163 - INFO - ✅ Héroe 564 agregado (564/731)
2026-03-04 17:38:58,973 - INFO - ✅ Héroe 565 agregado (565/731)
2026-03-04 17:38:59,781 - INFO - ✅ Héroe 566 agregado (566/731)
2026-03-04 17:39:00,594 - INFO - ✅ Héroe 567 agregado (567/731)
2026-03-04 17:39:01,421 - INFO - ✅ Héroe 568 agregado (568/731)
2026-03-04 17:39:02,222 - INFO - ✅ Héroe 569 agregado (569/731)
2026-03-04 17:39:03,015 - INFO - ✅ Héroe 570 agregado (570/731)
2026-03-04 17:39:03,847 - INFO - ✅ Héroe 571 agregado (571/731)
2026-03-04 17:39:04,700 - INFO - ✅ Héroe 572 agregado (572/731)
2026-03-04 17:39:05,535 - INFO - ✅ Héroe 573 agregado (573/731)
2026-03-04 17:39:06,367 - INFO - ✅ Héroe 574 agregado (574/731)
2026-03-04 17:39:07,199 - INFO - ✅ Héroe 575 agregado (575/731)
2026-03-04 17:39:08,070 - INFO - ✅ Héroe 576 agregado (576/731)
2026-03-04 17:39:08,911 - INFO - ✅ Héroe 577 agregado (577/731)
2026-03-04 17:39:09,734 - INFO - ✅ Héroe 578 agregado (578/731)
2026-03-04 17:39:10,592 - INFO - ✅ Héroe 579 agregado (579/731)
2026-03-04 17:39:11,445 - INFO - ✅ Héroe 580 agregado (580/731)
2026-03-04 17:39:12,259 - INFO - ✅ Héroe 581 agregado (581/731)
2026-03-04 17:39:13,096 - INFO - ✅ Héroe 582 agregado (582/731)
2026-03-04 17:39:13,916 - INFO - ✅ Héroe 583 agregado (583/731)
2026-03-04 17:39:14,728 - INFO - ✅ Héroe 584 agregado (584/731)
2026-03-04 17:39:15,561 - INFO - ✅ Héroe 585 agregado (585/731)
2026-03-04 17:39:16,390 - INFO - ✅ Héroe 586 agregado (586/731)
2026-03-04 17:39:17,194 - INFO - ✅ Héroe 587 agregado (587/731)
2026-03-04 17:39:18,022 - INFO - ✅ Héroe 588 agregado (588/731)
2026-03-04 17:39:18,823 - INFO - ✅ Héroe 589 agregado (589/731)
2026-03-04 17:39:19,629 - INFO - ✅ Héroe 590 agregado (590/731)
2026-03-04 17:39:20,428 - INFO - ✅ Héroe 591 agregado (591/731)
2026-03-04 17:39:21,259 - INFO - ✅ Héroe 592 agregado (592/731)
2026-03-04 17:39:22,090 - INFO - ✅ Héroe 593 agregado (593/731)
2026-03-04 17:39:22,895 - INFO - ✅ Héroe 594 agregado (594/731)
2026-03-04 17:39:23,733 - INFO - ✅ Héroe 595 agregado (595/731)
2026-03-04 17:39:24,540 - INFO - ✅ Héroe 596 agregado (596/731)
2026-03-04 17:39:25,348 - INFO - ✅ Héroe 597 agregado (597/731)
2026-03-04 17:39:26,161 - INFO - ✅ Héroe 598 agregado (598/731)
2026-03-04 17:39:26,981 - INFO - ✅ Héroe 599 agregado (599/731)
2026-03-04 17:39:27,791 - INFO - ✅ Héroe 600 agregado (600/731)
2026-03-04 17:39:28,616 - INFO - ✅ Héroe 601 agregado (601/731)
2026-03-04 17:39:29,480 - INFO - ✅ Héroe 602 agregado (602/731)
2026-03-04 17:39:30,377 - INFO - ✅ Héroe 603 agregado (603/731)
2026-03-04 17:39:31,192 - INFO - ✅ Héroe 604 agregado (604/731)
2026-03-04 17:39:32,012 - INFO - ✅ Héroe 605 agregado (605/731)
2026-03-04 17:39:32,812 - INFO - ✅ Héroe 606 agregado (606/731)
2026-03-04 17:39:33,626 - INFO - ✅ Héroe 607 agregado (607/731)
2026-03-04 17:39:34,490 - INFO - ✅ Héroe 608 agregado (608/731)
2026-03-04 17:39:35,311 - INFO - ✅ Héroe 609 agregado (609/731)
2026-03-04 17:39:36,166 - INFO - ✅ Héroe 610 agregado (610/731)
2026-03-04 17:39:36,993 - INFO - ✅ Héroe 611 agregado (611/731)
2026-03-04 17:39:37,824 - INFO - ✅ Héroe 612 agregado (612/731)
2026-03-04 17:39:38,676 - INFO - ✅ Héroe 613 agregado (613/731)
2026-03-04 17:39:39,482 - INFO - ✅ Héroe 614 agregado (614/731)
2026-03-04 17:39:40,354 - INFO - ✅ Héroe 615 agregado (615/731)
2026-03-04 17:39:41,213 - INFO - ✅ Héroe 616 agregado (616/731)
2026-03-04 17:39:42,027 - INFO - ✅ Héroe 617 agregado (617/731)
2026-03-04 17:39:42,858 - INFO - ✅ Héroe 618 agregado (618/731)
2026-03-04 17:39:43,665 - INFO - ✅ Héroe 619 agregado (619/731)
2026-03-04 17:39:44,488 - INFO - ✅ Héroe 620 agregado (620/731)
2026-03-04 17:39:45,370 - INFO - ✅ Héroe 621 agregado (621/731)
2026-03-04 17:39:46,223 - INFO - ✅ Héroe 622 agregado (622/731)
2026-03-04 17:39:47,063 - INFO - ✅ Héroe 623 agregado (623/731)
2026-03-04 17:39:47,870 - INFO - ✅ Héroe 624 agregado (624/731)
2026-03-04 17:39:48,674 - INFO - ✅ Héroe 625 agregado (625/731)
2026-03-04 17:39:49,485 - INFO - ✅ Héroe 626 agregado (626/731)
2026-03-04 17:39:50,321 - INFO - ✅ Héroe 627 agregado (627/731)
2026-03-04 17:39:51,161 - INFO - ✅ Héroe 628 agregado (628/731)
2026-03-04 17:39:51,962 - INFO - ✅ Héroe 629 agregado (629/731)
2026-03-04 17:39:52,784 - INFO - ✅ Héroe 630 agregado (630/731)
2026-03-04 17:39:53,629 - INFO - ✅ Héroe 631 agregado (631/731)
2026-03-04 17:39:54,461 - INFO - ✅ Héroe 632 agregado (632/731)
2026-03-04 17:39:55,299 - INFO - ✅ Héroe 633 agregado (633/731)
2026-03-04 17:39:56,158 - INFO - ✅ Héroe 634 agregado (634/731)
2026-03-04 17:39:57,011 - INFO - ✅ Héroe 635 agregado (635/731)
2026-03-04 17:39:57,838 - INFO - ✅ Héroe 636 agregado (636/731)
2026-03-04 17:39:58,690 - INFO - ✅ Héroe 637 agregado (637/731)
2026-03-04 17:39:59,537 - INFO - ✅ Héroe 638 agregado (638/731)
2026-03-04 17:40:00,433 - INFO - ✅ Héroe 639 agregado (639/731)
2026-03-04 17:40:01,392 - INFO - ✅ Héroe 640 agregado (640/731)
2026-03-04 17:40:02,251 - INFO - ✅ Héroe 641 agregado (641/731)
2026-03-04 17:40:03,135 - INFO - ✅ Héroe 642 agregado (642/731)
2026-03-04 17:40:03,942 - INFO - ✅ Héroe 643 agregado (643/731)
2026-03-04 17:40:04,763 - INFO - ✅ Héroe 644 agregado (644/731)
2026-03-04 17:40:05,575 - INFO - ✅ Héroe 645 agregado (645/731)
2026-03-04 17:40:06,442 - INFO - ✅ Héroe 646 agregado (646/731)
2026-03-04 17:40:07,314 - INFO - ✅ Héroe 647 agregado (647/731)
2026-03-04 17:40:08,158 - INFO - ✅ Héroe 648 agregado (648/731)
2026-03-04 17:40:08,966 - INFO - ✅ Héroe 649 agregado (649/731)
2026-03-04 17:40:09,830 - INFO - ✅ Héroe 650 agregado (650/731)
2026-03-04 17:40:10,655 - INFO - ✅ Héroe 651 agregado (651/731)
2026-03-04 17:40:11,486 - INFO - ✅ Héroe 652 agregado (652/731)
2026-03-04 17:40:12,318 - INFO - ✅ Héroe 653 agregado (653/731)
2026-03-04 17:40:13,164 - INFO - ✅ Héroe 654 agregado (654/731)
2026-03-04 17:40:13,990 - INFO - ✅ Héroe 655 agregado (655/731)
2026-03-04 17:40:14,830 - INFO - ✅ Héroe 656 agregado (656/731)
2026-03-04 17:40:15,650 - INFO - ✅ Héroe 657 agregado (657/731)
2026-03-04 17:40:16,514 - INFO - ✅ Héroe 658 agregado (658/731)
2026-03-04 17:40:17,358 - INFO - ✅ Héroe 659 agregado (659/731)
2026-03-04 17:40:18,262 - INFO - ✅ Héroe 660 agregado (660/731)
2026-03-04 17:40:19,093 - INFO - ✅ Héroe 661 agregado (661/731)
2026-03-04 17:40:19,959 - INFO - ✅ Héroe 662 agregado (662/731)
2026-03-04 17:40:20,809 - INFO - ✅ Héroe 663 agregado (663/731)
2026-03-04 17:40:21,648 - INFO - ✅ Héroe 664 agregado (664/731)
2026-03-04 17:40:22,487 - INFO - ✅ Héroe 665 agregado (665/731)
2026-03-04 17:40:23,354 - INFO - ✅ Héroe 666 agregado (666/731)
2026-03-04 17:40:24,219 - INFO - ✅ Héroe 667 agregado (667/731)
2026-03-04 17:40:25,052 - INFO - ✅ Héroe 668 agregado (668/731)
2026-03-04 17:40:25,888 - INFO - ✅ Héroe 669 agregado (669/731)
2026-03-04 17:40:26,743 - INFO - ✅ Héroe 670 agregado (670/731)
2026-03-04 17:40:27,577 - INFO - ✅ Héroe 671 agregado (671/731)
2026-03-04 17:40:28,401 - INFO - ✅ Héroe 672 agregado (672/731)
2026-03-04 17:40:29,217 - INFO - ✅ Héroe 673 agregado (673/731)
2026-03-04 17:40:30,077 - INFO - ✅ Héroe 674 agregado (674/731)
2026-03-04 17:40:30,898 - INFO - ✅ Héroe 675 agregado (675/731)
2026-03-04 17:40:31,746 - INFO - ✅ Héroe 676 agregado (676/731)
2026-03-04 17:40:32,553 - INFO - ✅ Héroe 677 agregado (677/731)
2026-03-04 17:40:33,433 - INFO - ✅ Héroe 678 agregado (678/731)
2026-03-04 17:40:34,265 - INFO - ✅ Héroe 679 agregado (679/731)
2026-03-04 17:40:35,108 - INFO - ✅ Héroe 680 agregado (680/731)
2026-03-04 17:40:35,949 - INFO - ✅ Héroe 681 agregado (681/731)
2026-03-04 17:40:36,807 - INFO - ✅ Héroe 682 agregado (682/731)
2026-03-04 17:40:37,635 - INFO - ✅ Héroe 683 agregado (683/731)
2026-03-04 17:40:38,503 - INFO - ✅ Héroe 684 agregado (684/731)
2026-03-04 17:40:39,322 - INFO - ✅ Héroe 685 agregado (685/731)
2026-03-04 17:40:40,140 - INFO - ✅ Héroe 686 agregado (686/731)
2026-03-04 17:40:40,952 - INFO - ✅ Héroe 687 agregado (687/731)
2026-03-04 17:40:41,785 - INFO - ✅ Héroe 688 agregado (688/731)
2026-03-04 17:40:42,613 - INFO - ✅ Héroe 689 agregado (689/731)
2026-03-04 17:40:43,425 - INFO - ✅ Héroe 690 agregado (690/731)
2026-03-04 17:40:44,246 - INFO - ✅ Héroe 691 agregado (691/731)
2026-03-04 17:40:45,104 - INFO - ✅ Héroe 692 agregado (692/731)
2026-03-04 17:40:45,866 - INFO - ✅ Héroe 693 agregado (693/731)
2026-03-04 17:40:46,624 - INFO - ✅ Héroe 694 agregado (694/731)
2026-03-04 17:40:47,385 - INFO - ✅ Héroe 695 agregado (695/731)
2026-03-04 17:40:48,174 - INFO - ✅ Héroe 696 agregado (696/731)
2026-03-04 17:40:49,008 - INFO - ✅ Héroe 697 agregado (697/731)
2026-03-04 17:40:49,823 - INFO - ✅ Héroe 698 agregado (698/731)
2026-03-04 17:40:50,648 - INFO - ✅ Héroe 699 agregado (699/731)
2026-03-04 17:40:51,473 - INFO - ✅ Héroe 700 agregado (700/731)
2026-03-04 17:40:52,295 - INFO - ✅ Héroe 701 agregado (701/731)
2026-03-04 17:40:53,110 - INFO - ✅ Héroe 702 agregado (702/731)
2026-03-04 17:40:53,897 - INFO - ✅ Héroe 703 agregado (703/731)
2026-03-04 17:40:54,706 - INFO - ✅ Héroe 704 agregado (704/731)
2026-03-04 17:40:55,538 - INFO - ✅ Héroe 705 agregado (705/731)
2026-03-04 17:40:56,364 - INFO - ✅ Héroe 706 agregado (706/731)
2026-03-04 17:40:57,189 - INFO - ✅ Héroe 707 agregado (707/731)
2026-03-04 17:40:58,038 - INFO - ✅ Héroe 708 agregado (708/731)
2026-03-04 17:40:58,875 - INFO - ✅ Héroe 709 agregado (709/731)
2026-03-04 17:40:59,707 - INFO - ✅ Héroe 710 agregado (710/731)
2026-03-04 17:41:00,530 - INFO - ✅ Héroe 711 agregado (711/731)
2026-03-04 17:41:01,353 - INFO - ✅ Héroe 712 agregado (712/731)
2026-03-04 17:41:02,130 - INFO - ✅ Héroe 713 agregado (713/731)
2026-03-04 17:41:02,969 - INFO - ✅ Héroe 714 agregado (714/731)
2026-03-04 17:41:03,802 - INFO - ✅ Héroe 715 agregado (715/731)
2026-03-04 17:41:04,621 - INFO - ✅ Héroe 716 agregado (716/731)
2026-03-04 17:41:05,659 - INFO - ✅ Héroe 717 agregado (717/731)
2026-03-04 17:41:06,543 - INFO - ✅ Héroe 718 agregado (718/731)
2026-03-04 17:41:07,375 - INFO - ✅ Héroe 719 agregado (719/731)
2026-03-04 17:41:08,208 - INFO - ✅ Héroe 720 agregado (720/731)
2026-03-04 17:41:09,034 - INFO - ✅ Héroe 721 agregado (721/731)
2026-03-04 17:41:09,854 - INFO - ✅ Héroe 722 agregado (722/731)
2026-03-04 17:41:10,658 - INFO - ✅ Héroe 723 agregado (723/731)
2026-03-04 17:41:11,473 - INFO - ✅ Héroe 724 agregado (724/731)
2026-03-04 17:41:12,317 - INFO - ✅ Héroe 725 agregado (725/731)
2026-03-04 17:41:13,157 - INFO - ✅ Héroe 726 agregado (726/731)
2026-03-04 17:41:13,975 - INFO - ✅ Héroe 727 agregado (727/731)
2026-03-04 17:41:14,795 - INFO - ✅ Héroe 728 agregado (728/731)
2026-03-04 17:41:15,620 - INFO - ✅ Héroe 729 agregado (729/731)
2026-03-04 17:41:16,426 - INFO - ✅ Héroe 730 agregado (730/731)
2026-03-04 17:41:17,402 - INFO - ✅ Héroe 731 agregado (731/731)
2026-03-04 17:41:17,603 - INFO - 🎯 Extracción completada correctamente
2026-03-04 17:41:17,641 - INFO - ✅ Total registros extraídos: 731
